2025-09-17 00:28:10 UTC
macOS-15.6.1-arm64-arm-64bit
Ren'Py 8.4.1.25072401

Early init took 20 ms
Loading error handling took 10 ms
Loading script took 50 ms
Loading save slot metadata took 7 ms
Loading persistent took 0 ms
Running init code took 19 ms
Loading analysis data took 1 ms
Analyze and compile ATL took 0 ms
Reloading save slot metadata took 0 ms
Backing up script files to '/Users/jesse/Library/RenPy/backups/Otaku Oratorio':
Dump and make backups took 14 ms
Cleaning cache took 0 ms
Making clean stores took 0 ms
Initial gc took 12 ms
DPI scale factor: 1.000000
Creating interface object took 0 ms
Init translation took 0 ms
Cleaning stores took 0 ms
Load screen analysis took 0 ms
Analyze screens took 3 ms
Save screen analysis took 4 ms
Save pyanalysis took 0 ms
Save bytecode took 11 ms
Running _start took 0 ms
Interface start took 193 ms

Initializing gl2 renderer:
primary display bounds: (0, 0, 2560, 1440)
swap interval: 1 frames
Windowed mode.
Vendor: 'Apple'
Renderer: 'Apple M4 Max'
Version: '2.1 Metal - 89.4'
Display Info: <Info({'bitsize': 32, 'bytesize': 4, 'masks': (16711680, 65280, 255, 4278190080), 'shifts': (16, 8, 0, 24), 'losses': (0, 0, 0, 0), 'current_w': 2560, 'current_h': 1440, 'refresh_rate': 60, 'hw': False, 'wm': True, 'video_mem': 268435456, 'blit_hw': False, 'blit_hw_CC': False, 'blit_hw_A': False, 'blit_sw': False, 'blit_sw_CC': False, 'blit_sw_A': False})>
Screen sizes: virtual=(1920, 1080) physical=(1208, 680) drawable=(1208, 680)
Maximum texture size: 4096x4096
Resetting cache.
Early init took 3 ms
Loading error handling took 12 ms
Loading script took 40 ms
Loading save slot metadata took 3 ms
Loading persistent took 0 ms
Running init code took 11 ms
Loading analysis data took 3 ms
Analyze and compile ATL took 0 ms
Reloading save slot metadata took 0 ms
Backing up script files to '/Users/jesse/Library/RenPy/backups/Otaku Oratorio':
Dump and make backups took 14 ms
Cleaning cache took 0 ms
Making clean stores took 0 ms
Initial gc took 15 ms
DPI scale factor: 1.000000
Creating interface object took 0 ms
Init translation took 0 ms
Cleaning stores took 0 ms
Load screen analysis took 0 ms
Analyze screens took 3 ms
Save screen analysis took 4 ms
Save pyanalysis took 0 ms
Save bytecode took 0 ms
Running _start took 0 ms
Interface start took 86 ms

Initializing gl2 renderer:
primary display bounds: (0, 0, 2560, 1440)
swap interval: 1 frames
Windowed mode.
Vendor: 'Apple'
Renderer: 'Apple M4 Max'
Version: '2.1 Metal - 89.4'
Display Info: <Info({'bitsize': 32, 'bytesize': 4, 'masks': (16711680, 65280, 255, 4278190080), 'shifts': (16, 8, 0, 24), 'losses': (0, 0, 0, 0), 'current_w': 2560, 'current_h': 1440, 'refresh_rate': 60, 'hw': False, 'wm': True, 'video_mem': 268435456, 'blit_hw': False, 'blit_hw_CC': False, 'blit_hw_A': False, 'blit_sw': False, 'blit_sw_CC': False, 'blit_sw_A': False})>
Screen sizes: virtual=(1920, 1080) physical=(1208, 680) drawable=(1208, 680)
Maximum texture size: 4096x4096
Resetting cache.
Early init took 3 ms
Loading error handling took 11 ms
Loading script took 28 ms
Loading save slot metadata took 3 ms
Loading persistent took 0 ms
Running init code took 10 ms
Loading analysis data took 3 ms
Analyze and compile ATL took 0 ms
Reloading save slot metadata took 0 ms
Backing up script files to '/Users/jesse/Library/RenPy/backups/Otaku Oratorio':
Dump and make backups took 15 ms
Cleaning cache took 0 ms
Making clean stores took 0 ms
Initial gc took 14 ms
DPI scale factor: 1.000000
Creating interface object took 0 ms
Init translation took 0 ms
Cleaning stores took 0 ms
Load screen analysis took 0 ms
Analyze screens took 3 ms
Save screen analysis took 4 ms
Save pyanalysis took 0 ms
Save bytecode took 0 ms
Running _start took 0 ms
Interface start took 83 ms

Initializing gl2 renderer:
primary display bounds: (0, 0, 2560, 1440)
swap interval: 1 frames
Windowed mode.
Vendor: 'Apple'
Renderer: 'Apple M4 Max'
Version: '2.1 Metal - 89.4'
Display Info: <Info({'bitsize': 32, 'bytesize': 4, 'masks': (16711680, 65280, 255, 4278190080), 'shifts': (16, 8, 0, 24), 'losses': (0, 0, 0, 0), 'current_w': 2560, 'current_h': 1440, 'refresh_rate': 60, 'hw': False, 'wm': True, 'video_mem': 268435456, 'blit_hw': False, 'blit_hw_CC': False, 'blit_hw_A': False, 'blit_sw': False, 'blit_sw_CC': False, 'blit_sw_A': False})>
Screen sizes: virtual=(1920, 1080) physical=(1208, 680) drawable=(1208, 680)
Maximum texture size: 4096x4096
Resetting cache.
Early init took 3 ms
Loading error handling took 11 ms
Loading script took 25 ms
Loading save slot metadata took 3 ms
Loading persistent took 0 ms
Running init code took 14 ms
Loading analysis data took 3 ms
Analyze and compile ATL took 0 ms
Reloading save slot metadata took 0 ms
Dump and make backups took 15 ms
Cleaning cache took 0 ms
Making clean stores took 0 ms
Initial gc took 15 ms
DPI scale factor: 1.000000
Creating interface object took 0 ms
Init translation took 0 ms
Cleaning stores took 0 ms
Load screen analysis took 6 ms
Analyze screens took 0 ms
Save screen analysis took 0 ms
Save pyanalysis took 0 ms
Save bytecode took 0 ms
Running _start took 0 ms
Interface start took 85 ms

Initializing gl2 renderer:
primary display bounds: (0, 0, 2560, 1440)
swap interval: 1 frames
Windowed mode.
Vendor: 'Apple'
Renderer: 'Apple M4 Max'
Version: '2.1 Metal - 89.4'
Display Info: <Info({'bitsize': 32, 'bytesize': 4, 'masks': (16711680, 65280, 255, 4278190080), 'shifts': (16, 8, 0, 24), 'losses': (0, 0, 0, 0), 'current_w': 2560, 'current_h': 1440, 'refresh_rate': 60, 'hw': False, 'wm': True, 'video_mem': 268435456, 'blit_hw': False, 'blit_hw_CC': False, 'blit_hw_A': False, 'blit_sw': False, 'blit_sw_CC': False, 'blit_sw_A': False})>
Screen sizes: virtual=(1920, 1080) physical=(1208, 680) drawable=(1208, 680)
Maximum texture size: 4096x4096
Cleaning stores took 0 ms
Load screen analysis took 12 ms
Analyze screens took 0 ms
Running _start took 1 ms
Resetting cache.
Early init took 3 ms
Loading error handling took 13 ms
Loading script took 39 ms
Loading save slot metadata took 3 ms
Loading persistent took 0 ms
Running init code took 11 ms
Loading analysis data took 3 ms
Analyze and compile ATL took 0 ms
Reloading save slot metadata took 0 ms
Backing up script files to '/Users/jesse/Library/RenPy/backups/Otaku Oratorio':
Dump and make backups took 14 ms
Cleaning cache took 0 ms
Making clean stores took 0 ms
Initial gc took 16 ms
DPI scale factor: 1.000000
Creating interface object took 0 ms
Init translation took 0 ms
Cleaning stores took 0 ms
Load screen analysis took 0 ms
Analyze screens took 3 ms
Save screen analysis took 4 ms
Save pyanalysis took 0 ms
Save bytecode took 0 ms
Running _start took 0 ms
Interface start took 84 ms

Initializing gl2 renderer:
primary display bounds: (0, 0, 2560, 1440)
swap interval: 1 frames
Windowed mode.
Vendor: 'Apple'
Renderer: 'Apple M4 Max'
Version: '2.1 Metal - 89.4'
Display Info: <Info({'bitsize': 32, 'bytesize': 4, 'masks': (16711680, 65280, 255, 4278190080), 'shifts': (16, 8, 0, 24), 'losses': (0, 0, 0, 0), 'current_w': 2560, 'current_h': 1440, 'refresh_rate': 60, 'hw': False, 'wm': True, 'video_mem': 268435456, 'blit_hw': False, 'blit_hw_CC': False, 'blit_hw_A': False, 'blit_sw': False, 'blit_sw_CC': False, 'blit_sw_A': False})>
Screen sizes: virtual=(1920, 1080) physical=(1208, 680) drawable=(1208, 680)
Maximum texture size: 4096x4096
Resetting cache.
Early init took 3 ms
Loading error handling took 13 ms
Loading script took 38 ms
Loading save slot metadata took 2 ms
Loading persistent took 0 ms
Running init code took 10 ms
Loading analysis data took 3 ms
Analyze and compile ATL took 0 ms
Reloading save slot metadata took 0 ms
Backing up script files to '/Users/jesse/Library/RenPy/backups/Otaku Oratorio':
Dump and make backups took 14 ms
Cleaning cache took 0 ms
Making clean stores took 0 ms
Initial gc took 14 ms
DPI scale factor: 1.000000
Creating interface object took 0 ms
Init translation took 0 ms
Cleaning stores took 0 ms
Load screen analysis took 0 ms
Analyze screens took 3 ms
Save screen analysis took 4 ms
Save pyanalysis took 0 ms
Save bytecode took 0 ms
Running _start took 0 ms
Interface start took 85 ms

Initializing gl2 renderer:
primary display bounds: (0, 0, 2560, 1440)
swap interval: 1 frames
Windowed mode.
Vendor: 'Apple'
Renderer: 'Apple M4 Max'
Version: '2.1 Metal - 89.4'
Display Info: <Info({'bitsize': 32, 'bytesize': 4, 'masks': (16711680, 65280, 255, 4278190080), 'shifts': (16, 8, 0, 24), 'losses': (0, 0, 0, 0), 'current_w': 2560, 'current_h': 1440, 'refresh_rate': 60, 'hw': False, 'wm': True, 'video_mem': 268435456, 'blit_hw': False, 'blit_hw_CC': False, 'blit_hw_A': False, 'blit_sw': False, 'blit_sw_CC': False, 'blit_sw_A': False})>
Screen sizes: virtual=(1920, 1080) physical=(1208, 680) drawable=(1208, 680)
Maximum texture size: 4096x4096

Full traceback:
  File "renpy/common/00keymap.rpy", line 504, in script
    python hide:
  File "renpy/ast.py", line 1187, in execute
    renpy.python.py_exec_bytecode(self.code.bytecode, self.hide, store=self.store)
    ~~~~~~~~~~~~~~~~~~~~~~~~~~~~~^^^^^^^^^^^^^^^^^^^^^^^^^^^^^^^^^^^^^^^^^^^^^^^^^
  File "renpy/python.py", line 1260, in py_exec_bytecode
    exec(bytecode, globals, locals)
    ~~~~^^^^^^^^^^^^^^^^^^^^^^^^^^^
  File "renpy/common/00keymap.rpy", line 504, in <module>
    python hide:
  File "renpy/common/00keymap.rpy", line 531, in _execute_python_hide
    renpy.save("_reload-1", "reload save game")
    ~~~~~~~~~~^^^^^^^^^^^^^^^^^^^^^^^^^^^^^^^^^
  File "renpy/loadsave.py", line 222, in save
    location.save(slotname, sr)
    ~~~~~~~~~~~~~^^^^^^^^^^^^^^
  File "renpy/savelocation.py", line 516, in save
    l.save(slotname, record)
    ~~~~~~^^^^^^^^^^^^^^^^^^
  File "renpy/savelocation.py", line 214, in save
    record.write_file(filename)
    ~~~~~~~~~~~~~~~~~^^^^^^^^^^
  File "renpy/loadsave.py", line 105, in write_file
    raise e
  File "renpy/loadsave.py", line 102, in write_file
    shutil.copyfile(self.first_filename, filename_new)
    ~~~~~~~~~~~~~~~^^^^^^^^^^^^^^^^^^^^^^^^^^^^^^^^^^^
  File "lib/python3.12/shutil.py", line 262, in copyfile
FileNotFoundError: [Errno 2] No such file or directory: '/Users/jesse/Code/otaku-oratorio/Otaku Oratorio/game/saves/_reload-1-LT1.save.new'

While running game code:
FileNotFoundError: [Errno 2] No such file or directory: '/Users/jesse/Code/otaku-oratorio/Otaku Oratorio/game/saves/_reload-1-LT1.save.new'

Full traceback:
  File "renpy/common/00keymap.rpy", line 504, in script
    python hide:
  File "renpy/ast.py", line 1187, in execute
    renpy.python.py_exec_bytecode(self.code.bytecode, self.hide, store=self.store)
    ~~~~~~~~~~~~~~~~~~~~~~~~~~~~~^^^^^^^^^^^^^^^^^^^^^^^^^^^^^^^^^^^^^^^^^^^^^^^^^
  File "renpy/python.py", line 1260, in py_exec_bytecode
    exec(bytecode, globals, locals)
    ~~~~^^^^^^^^^^^^^^^^^^^^^^^^^^^
  File "renpy/common/00keymap.rpy", line 504, in <module>
    python hide:
  File "renpy/common/00keymap.rpy", line 531, in _execute_python_hide
    renpy.save("_reload-1", "reload save game")
    ~~~~~~~~~~^^^^^^^^^^^^^^^^^^^^^^^^^^^^^^^^^
  File "renpy/loadsave.py", line 222, in save
    location.save(slotname, sr)
    ~~~~~~~~~~~~~^^^^^^^^^^^^^^
  File "renpy/savelocation.py", line 516, in save
    l.save(slotname, record)
    ~~~~~~^^^^^^^^^^^^^^^^^^
  File "renpy/savelocation.py", line 214, in save
    record.write_file(filename)
    ~~~~~~~~~~~~~~~~~^^^^^^^^^^
  File "renpy/loadsave.py", line 105, in write_file
    raise e
  File "renpy/loadsave.py", line 102, in write_file
    shutil.copyfile(self.first_filename, filename_new)
    ~~~~~~~~~~~~~~~^^^^^^^^^^^^^^^^^^^^^^^^^^^^^^^^^^^
  File "lib/python3.12/shutil.py", line 262, in copyfile
FileNotFoundError: [Errno 2] No such file or directory: '/Users/jesse/Code/otaku-oratorio/Otaku Oratorio/game/saves/_reload-1-LT1.save.new'

During handling of the above exception, another exception occurred:

Traceback (most recent call last):
  File "renpy/main.py", line 614, in main
    run(restart)
    ~~~^^^^^^^^^
  File "renpy/main.py", line 137, in run
    renpy.execution.run_context(True)
    ~~~~~~~~~~~~~~~~~~~~~~~~~~~^^^^^^
  File "renpy/execution.py", line 1022, in run_context
    context.run()
    ~~~~~~~~~~~^^
  File "game/script.rpy", line 46, in script
  File "renpy/ast.py", line 2915, in execute
    Say.execute(self)
    ~~~~~~~~~~~^^^^^^
  File "renpy/ast.py", line 991, in execute
    renpy.exports.say(who, what, *args, **kwargs)
    ~~~~~~~~~~~~~~~~~^^^^^^^^^^^^^^^^^^^^^^^^^^^^
  File "renpy/exports/sayexports.py", line 129, in say
    who(what, *args, **kwargs)
    ~~~^^^^^^^^^^^^^^^^^^^^^^^
  File "renpy/character.py", line 1543, in __call__
    self.do_display(who, what, cb_args=self.cb_args, dtt=dtt, **display_args)
    ~~~~~~~~~~~~~~~^^^^^^^^^^^^^^^^^^^^^^^^^^^^^^^^^^^^^^^^^^^^^^^^^^^^^^^^^^
  File "renpy/character.py", line 1198, in do_display
    display_say(who, what, self.do_show, **display_args)
    ~~~~~~~~~~~^^^^^^^^^^^^^^^^^^^^^^^^^^^^^^^^^^^^^^^^^
  File "renpy/character.py", line 888, in display_say
    rv = renpy.ui.interact(mouse="say", type=type, roll_forward=roll_forward)
         ~~~~~~~~~~~~~~~~~^^^^^^^^^^^^^^^^^^^^^^^^^^^^^^^^^^^^^^^^^^^^^^^^^^^
  File "renpy/ui.py", line 304, in interact
    rv = renpy.game.interface.interact(roll_forward=roll_forward, **kwargs)
         ~~~~~~~~~~~~~~~~~~~~~~~~~~~~~^^^^^^^^^^^^^^^^^^^^^^^^^^^^^^^^^^^^^
  File "renpy/display/core.py", line 2219, in interact
    repeat, rv = self.interact_core(
                 ~~~~~~~~~~~~~~~~~~^
        preloads=preloads,
        ^^^^^^^^^^^^^^^^^^
    ...<4 lines>...
        **kwargs,
        ^^^^^^^^^
    )  # type: ignore
    ^                
  File "renpy/display/core.py", line 2830, in interact_core
    renpy.loader.check_autoreload()
    ~~~~~~~~~~~~~~~~~~~~~~~~~~~~~^^
  File "renpy/loader.py", line 981, in check_autoreload
    renpy.exports.reload_script()
    ~~~~~~~~~~~~~~~~~~~~~~~~~~~^^
  File "renpy/exports/restartexports.py", line 98, in reload_script
    renpy.game.call_in_new_context("_save_reload_game")
    ~~~~~~~~~~~~~~~~~~~~~~~~~~~~~~^^^^^^^^^^^^^^^^^^^^^
  File "renpy/game.py", line 372, in call_in_new_context
    return renpy.execution.run_context(False)
           ~~~~~~~~~~~~~~~~~~~~~~~~~~~^^^^^^^
  File "renpy/execution.py", line 1022, in run_context
    context.run()
    ~~~~~~~~~~~^^
  File "renpy/common/00keymap.rpy", line 504, in script
    python hide:
  File "renpy/common/00keymap.rpy", line 504, in script
    python hide:
  File "renpy/display/error.py", line 135, in report_exception
    renpy.game.invoke_in_new_context(
    ~~~~~~~~~~~~~~~~~~~~~~~~~~~~~~~~^
        call_exception_screen,
        ^^^^^^^^^^^^^^^^^^^^^^
    ...<4 lines>...
        ignore_action=ignore_action,
        ^^^^^^^^^^^^^^^^^^^^^^^^^^^^
    )
    ^
  File "renpy/game.py", line 301, in invoke_in_new_context
    return callable(*args, **kwargs)
           ~~~~~~~~^^^^^^^^^^^^^^^^^
  File "renpy/display/error.py", line 44, in call_exception_screen
    return renpy.ui.interact(mouse="screen", type="screen", suppress_overlay=True, suppress_underlay=True)
           ~~~~~~~~~~~~~~~~~^^^^^^^^^^^^^^^^^^^^^^^^^^^^^^^^^^^^^^^^^^^^^^^^^^^^^^^^^^^^^^^^^^^^^^^^^^^^^^
  File "renpy/ui.py", line 304, in interact
    rv = renpy.game.interface.interact(roll_forward=roll_forward, **kwargs)
         ~~~~~~~~~~~~~~~~~~~~~~~~~~~~~^^^^^^^^^^^^^^^^^^^^^^^^^^^^^^^^^^^^^
  File "renpy/display/core.py", line 2219, in interact
    repeat, rv = self.interact_core(
                 ~~~~~~~~~~~~~~~~~~^
        preloads=preloads,
        ^^^^^^^^^^^^^^^^^^
    ...<4 lines>...
        **kwargs,
        ^^^^^^^^^
    )  # type: ignore
    ^                
  File "renpy/display/core.py", line 3137, in interact_core
    self.quit_event()
    ~~~~~~~~~~~~~~~^^
  File "renpy/display/core.py", line 1813, in quit_event
    renpy.display.behavior.run(renpy.config.quit_action)
    ~~~~~~~~~~~~~~~~~~~~~~~~~~^^^^^^^^^^^^^^^^^^^^^^^^^^
  File "renpy/display/behavior.py", line 411, in run
    return action(*args, **kwargs)
           ~~~~~~^^^^^^^^^^^^^^^^^
  File "renpy/exports/restartexports.py", line 133, in quit
    raise renpy.game.QuitException(relaunch=relaunch, status=status)
renpy.game.QuitException

During handling of the above exception, another exception occurred:

Traceback (most recent call last):
  File "renpy/bootstrap.py", line 376, in bootstrap
    renpy.main.main()
    ~~~~~~~~~~~~~~~^^
  File "renpy/main.py", line 626, in main
    renpy.persistent.update(True)
    ~~~~~~~~~~~~~~~~~~~~~~~^^^^^^
  File "renpy/persistent.py", line 461, in update
    save()
    ~~~~^^
  File "renpy/persistent.py", line 484, in save
    renpy.loadsave.location.save_persistent(compressed)
    ~~~~~~~~~~~~~~~~~~~~~~~~~~~~~~~~~~~~~~~^^^^^^^^^^^^
  File "renpy/savelocation.py", line 619, in save_persistent
    l.save_persistent(data)
    ~~~~~~~~~~~~~~~~~^^^^^^
  File "renpy/savelocation.py", line 427, in save_persistent
    with open(fn_tmp, "wb") as f:
         ~~~~^^^^^^^^^^^^^^      
FileNotFoundError: [Errno 2] No such file or directory: '/Users/jesse/Code/otaku-oratorio/Otaku Oratorio/game/saves/persistent.1758068890.tmp'

While running game code:
FileNotFoundError: [Errno 2] No such file or directory: '/Users/jesse/Code/otaku-oratorio/Otaku Oratorio/game/saves/_reload-1-LT1.save.new'

During handling of the above exception, another exception occurred:

Traceback (most recent call last):
  File "game/script.rpy", line 46, in script
renpy.game.QuitException

During handling of the above exception, another exception occurred:

FileNotFoundError: [Errno 2] No such file or directory: '/Users/jesse/Code/otaku-oratorio/Otaku Oratorio/game/saves/persistent.1758068890.tmp'
