I'm sorry, but an uncaught exception occurred.

While running game code:
renpy.game.JumpException: start

During handling of the above exception, another exception occurred:

renpy.script.LabelNotFound: could not find label 'start'.

-- Full Traceback ------------------------------------------------------------

Traceback (most recent call last):
  File "renpy/common/00start.rpy", line 291, in script
    python:
  File "renpy/ast.py", line 1187, in execute
    renpy.python.py_exec_bytecode(self.code.bytecode, self.hide, store=self.store)
    ~~~~~~~~~~~~~~~~~~~~~~~~~~~~~^^^^^^^^^^^^^^^^^^^^^^^^^^^^^^^^^^^^^^^^^^^^^^^^^
  File "renpy/python.py", line 1260, in py_exec_bytecode
    exec(bytecode, globals, locals)
    ~~~~^^^^^^^^^^^^^^^^^^^^^^^^^^^
  File "renpy/common/00start.rpy", line 293, in <module>
    renpy.jump("start")
    ~~~~~~~~~~^^^^^^^^^
  File "renpy/exports/statementexports.py", line 271, in jump
    raise renpy.game.JumpException(label)
renpy.game.JumpException: start

During handling of the above exception, another exception occurred:

Traceback (most recent call last):
  File "renpy/bootstrap.py", line 376, in bootstrap
    renpy.main.main()
    ~~~~~~~~~~~~~~~^^
  File "renpy/main.py", line 614, in main
    run(restart)
    ~~~^^^^^^^^^
  File "renpy/main.py", line 137, in run
    renpy.execution.run_context(True)
    ~~~~~~~~~~~~~~~~~~~~~~~~~~~^^^^^^
  File "renpy/execution.py", line 1022, in run_context
    context.run()
    ~~~~~~~~~~~^^
  File "renpy/common/00start.rpy", line 291, in script
    python:
  File "renpy/script.py", line 1161, in lookup
    raise LabelNotFound(original)
renpy.script.LabelNotFound: could not find label 'start'.

macOS-15.6.1-arm64-arm-64bit arm64
Ren'Py 8.4.1.25072401
 
Tue Sep 16 20:44:23 2025
